Archive member included to satisfy reference by file (symbol)

c:/st/stm32cubeide_1.3.0/stm32cubeide/plugins/com.st.stm32cube.ide.mcu.externaltools.gnu-tools-for-stm32.9-2020-q2-update.win32_2.0.0.202105311346/tools/bin/../lib/gcc/arm-none-eabi/9.3.1/../../../../arm-none-eabi/lib/thumb/v7e-m+fp/hard\libc_nano.a(lib_a-errno.o)
                              ./Src/syscalls.o (__errno)
c:/st/stm32cubeide_1.3.0/stm32cubeide/plugins/com.st.stm32cube.ide.mcu.externaltools.gnu-tools-for-stm32.9-2020-q2-update.win32_2.0.0.202105311346/tools/bin/../lib/gcc/arm-none-eabi/9.3.1/../../../../arm-none-eabi/lib/thumb/v7e-m+fp/hard\libc_nano.a(lib_a-exit.o)
                              c:/st/stm32cubeide_1.3.0/stm32cubeide/plugins/com.st.stm32cube.ide.mcu.externaltools.gnu-tools-for-stm32.9-2020-q2-update.win32_2.0.0.202105311346/tools/bin/../lib/gcc/arm-none-eabi/9.3.1/../../../../arm-none-eabi/lib/thumb/v7e-m+fp/hard/crt0.o (exit)
c:/st/stm32cubeide_1.3.0/stm32cubeide/plugins/com.st.stm32cube.ide.mcu.externaltools.gnu-tools-for-stm32.9-2020-q2-update.win32_2.0.0.202105311346/tools/bin/../lib/gcc/arm-none-eabi/9.3.1/../../../../arm-none-eabi/lib/thumb/v7e-m+fp/hard\libc_nano.a(lib_a-impure.o)
                              c:/st/stm32cubeide_1.3.0/stm32cubeide/plugins/com.st.stm32cube.ide.mcu.externaltools.gnu-tools-for-stm32.9-2020-q2-update.win32_2.0.0.202105311346/tools/bin/../lib/gcc/arm-none-eabi/9.3.1/../../../../arm-none-eabi/lib/thumb/v7e-m+fp/hard\libc_nano.a(lib_a-exit.o) (_global_impure_ptr)
c:/st/stm32cubeide_1.3.0/stm32cubeide/plugins/com.st.stm32cube.ide.mcu.externaltools.gnu-tools-for-stm32.9-2020-q2-update.win32_2.0.0.202105311346/tools/bin/../lib/gcc/arm-none-eabi/9.3.1/../../../../arm-none-eabi/lib/thumb/v7e-m+fp/hard\libc_nano.a(lib_a-init.o)
                              c:/st/stm32cubeide_1.3.0/stm32cubeide/plugins/com.st.stm32cube.ide.mcu.externaltools.gnu-tools-for-stm32.9-2020-q2-update.win32_2.0.0.202105311346/tools/bin/../lib/gcc/arm-none-eabi/9.3.1/../../../../arm-none-eabi/lib/thumb/v7e-m+fp/hard/crt0.o (__libc_init_array)
c:/st/stm32cubeide_1.3.0/stm32cubeide/plugins/com.st.stm32cube.ide.mcu.externaltools.gnu-tools-for-stm32.9-2020-q2-update.win32_2.0.0.202105311346/tools/bin/../lib/gcc/arm-none-eabi/9.3.1/../../../../arm-none-eabi/lib/thumb/v7e-m+fp/hard\libc_nano.a(lib_a-memset.o)
                              c:/st/stm32cubeide_1.3.0/stm32cubeide/plugins/com.st.stm32cube.ide.mcu.externaltools.gnu-tools-for-stm32.9-2020-q2-update.win32_2.0.0.202105311346/tools/bin/../lib/gcc/arm-none-eabi/9.3.1/../../../../arm-none-eabi/lib/thumb/v7e-m+fp/hard/crt0.o (memset)
c:/st/stm32cubeide_1.3.0/stm32cubeide/plugins/com.st.stm32cube.ide.mcu.externaltools.gnu-tools-for-stm32.9-2020-q2-update.win32_2.0.0.202105311346/tools/bin/../lib/gcc/arm-none-eabi/9.3.1/thumb/v7e-m+fp/hard\libgcc.a(_aeabi_uldivmod.o)
                              ./Drivers/STM32F4xx_HAL_Driver/Src/stm32f4xx_hal_rcc.o (__aeabi_uldivmod)
c:/st/stm32cubeide_1.3.0/stm32cubeide/plugins/com.st.stm32cube.ide.mcu.externaltools.gnu-tools-for-stm32.9-2020-q2-update.win32_2.0.0.202105311346/tools/bin/../lib/gcc/arm-none-eabi/9.3.1/thumb/v7e-m+fp/hard\libgcc.a(_udivmoddi4.o)
                              c:/st/stm32cubeide_1.3.0/stm32cubeide/plugins/com.st.stm32cube.ide.mcu.externaltools.gnu-tools-for-stm32.9-2020-q2-update.win32_2.0.0.202105311346/tools/bin/../lib/gcc/arm-none-eabi/9.3.1/thumb/v7e-m+fp/hard\libgcc.a(_aeabi_uldivmod.o) (__udivmoddi4)
c:/st/stm32cubeide_1.3.0/stm32cubeide/plugins/com.st.stm32cube.ide.mcu.externaltools.gnu-tools-for-stm32.9-2020-q2-update.win32_2.0.0.202105311346/tools/bin/../lib/gcc/arm-none-eabi/9.3.1/thumb/v7e-m+fp/hard\libgcc.a(_dvmd_tls.o)
                              c:/st/stm32cubeide_1.3.0/stm32cubeide/plugins/com.st.stm32cube.ide.mcu.externaltools.gnu-tools-for-stm32.9-2020-q2-update.win32_2.0.0.202105311346/tools/bin/../lib/gcc/arm-none-eabi/9.3.1/thumb/v7e-m+fp/hard\libgcc.a(_aeabi_uldivmod.o) (__aeabi_ldiv0)

Allocating common symbols
Common symbol       size              file

ust_D_P             0x4               ./Src/main.o
uwTick              0x4               ./Drivers/STM32F4xx_HAL_Driver/Src/stm32f4xx_hal.o
pFlash              0x20              ./Drivers/STM32F4xx_HAL_Driver/Src/stm32f4xx_hal_flash.o
htim3               0x48              ./Src/tim.o
akt_bl_L            0x4               ./Src/stm32f4xx_it.o
wcz_bl_P            0x4               ./Src/stm32f4xx_it.o
hadc1               0x48              ./Src/adc.o
hdma_adc1           0x60              ./Src/adc.o
ust_D_L             0x4               ./Src/main.o
htim1               0x48              ./Src/tim.o
zad_V_P             0x4               ./Src/main.o
linia               0x8               ./Src/main.o
htim2               0x48              ./Src/tim.o
akt_bl_P            0x4               ./Src/stm32f4xx_it.o
ls                  0x8               ./Src/main.o
zad_V_L             0x4               ./Src/main.o
[...]
Memory Configuration

Name             Origin             Length             Attributes
RAM              0x0000000020000000 0x0000000000010000 xrw
FLASH            0x0000000008000000 0x0000000000040000 xr
*default*        0x0000000000000000 0xffffffffffffffff

Linker script and memory map

LOAD c:/st/stm32cubeide_1.3.0/stm32cubeide/plugins/com.st.stm32cube.ide.mcu.externaltools.gnu-tools-for-stm32.9-2020-q2-update.win32_2.0.0.202105311346/tools/bin/../lib/gcc/arm-none-eabi/9.3.1/thumb/v7e-m+fp/hard/crti.o
LOAD c:/st/stm32cubeide_1.3.0/stm32cubeide/plugins/com.st.stm32cube.ide.mcu.externaltools.gnu-tools-for-stm32.9-2020-q2-update.win32_2.0.0.202105311346/tools/bin/../lib/gcc/arm-none-eabi/9.3.1/thumb/v7e-m+fp/hard/crtbegin.o
LOAD c:/st/stm32cubeide_1.3.0/stm32cubeide/plugins/com.st.stm32cube.ide.mcu.externaltools.gnu-tools-for-stm32.9-2020-q2-update.win32_2.0.0.202105311346/tools/bin/../lib/gcc/arm-none-eabi/9.3.1/../../../../arm-none-eabi/lib/thumb/v7e-m+fp/hard/crt0.o
LOAD ./Drivers/STM32F4xx_HAL_Driver/Src/stm32f4xx_hal.o
LOAD ./Drivers/STM32F4xx_HAL_Driver/Src/stm32f4xx_hal_adc.o
LOAD ./Drivers/STM32F4xx_HAL_Driver/Src/stm32f4xx_hal_adc_ex.o
LOAD ./Drivers/STM32F4xx_HAL_Driver/Src/stm32f4xx_hal_cortex.o
LOAD ./Drivers/STM32F4xx_HAL_Driver/Src/stm32f4xx_hal_dma.o
LOAD ./Drivers/STM32F4xx_HAL_Driver/Src/stm32f4xx_hal_dma_ex.o
LOAD ./Drivers/STM32F4xx_HAL_Driver/Src/stm32f4xx_hal_exti.o
LOAD ./Drivers/STM32F4xx_HAL_Driver/Src/stm32f4xx_hal_flash.o
LOAD ./Drivers/STM32F4xx_HAL_Driver/Src/stm32f4xx_hal_flash_ex.o
LOAD ./Drivers/STM32F4xx_HAL_Driver/Src/stm32f4xx_hal_flash_ramfunc.o
LOAD ./Drivers/STM32F4xx_HAL_Driver/Src/stm32f4xx_hal_gpio.o
LOAD ./Drivers/STM32F4xx_HAL_Driver/Src/stm32f4xx_hal_pwr.o
LOAD ./Drivers/STM32F4xx_HAL_Driver/Src/stm32f4xx_hal_pwr_ex.o
LOAD ./Drivers/STM32F4xx_HAL_Driver/Src/stm32f4xx_hal_rcc.o
LOAD ./Drivers/STM32F4xx_HAL_Driver/Src/stm32f4xx_hal_rcc_ex.o
LOAD ./Drivers/STM32F4xx_HAL_Driver/Src/stm32f4xx_hal_tim.o
LOAD ./Drivers/STM32F4xx_HAL_Driver/Src/stm32f4xx_hal_tim_ex.o
LOAD ./Drivers/STM32F4xx_HAL_Driver/Src/stm32f4xx_ll_adc.o
LOAD ./Src/adc.o
LOAD ./Src/dma.o
LOAD ./Src/gpio.o
LOAD ./Src/main.o
LOAD ./Src/stm32f4xx_hal_msp.o
LOAD ./Src/stm32f4xx_it.o
LOAD ./Src/syscalls.o
LOAD ./Src/sysmem.o
LOAD ./Src/system_stm32f4xx.o
LOAD ./Src/tim.o
LOAD ./Startup/startup_stm32f401rctx.o
START GROUP
LOAD c:/st/stm32cubeide_1.3.0/stm32cubeide/plugins/com.st.stm32cube.ide.mcu.externaltools.gnu-tools-for-stm32.9-2020-q2-update.win32_2.0.0.202105311346/tools/bin/../lib/gcc/arm-none-eabi/9.3.1/../../../../arm-none-eabi/lib/thumb/v7e-m+fp/hard\libc_nano.a
LOAD c:/st/stm32cubeide_1.3.0/stm32cubeide/plugins/com.st.stm32cube.ide.mcu.externaltools.gnu-tools-for-stm32.9-2020-q2-update.win32_2.0.0.202105311346/tools/bin/../lib/gcc/arm-none-eabi/9.3.1/../../../../arm-none-eabi/lib/thumb/v7e-m+fp/hard\libm.a
END GROUP
START GROUP
LOAD c:/st/stm32cubeide_1.3.0/stm32cubeide/plugins/com.st.stm32cube.ide.mcu.externaltools.gnu-tools-for-stm32.9-2020-q2-update.win32_2.0.0.202105311346/tools/bin/../lib/gcc/arm-none-eabi/9.3.1/thumb/v7e-m+fp/hard\libgcc.a
LOAD c:/st/stm32cubeide_1.3.0/stm32cubeide/plugins/com.st.stm32cube.ide.mcu.externaltools.gnu-tools-for-stm32.9-2020-q2-update.win32_2.0.0.202105311346/tools/bin/../lib/gcc/arm-none-eabi/9.3.1/../../../../arm-none-eabi/lib/thumb/v7e-m+fp/hard\libc_nano.a
END GROUP
START GROUP
LOAD c:/st/stm32cubeide_1.3.0/stm32cubeide/plugins/com.st.stm32cube.ide.mcu.externaltools.gnu-tools-for-stm32.9-2020-q2-update.win32_2.0.0.202105311346/tools/bin/../lib/gcc/arm-none-eabi/9.3.1/thumb/v7e-m+fp/hard\libgcc.a
LOAD c:/st/stm32cubeide_1.3.0/stm32cubeide/plugins/com.st.stm32cube.ide.mcu.externaltools.gnu-tools-for-stm32.9-2020-q2-update.win32_2.0.0.202105311346/tools/bin/../lib/gcc/arm-none-eabi/9.3.1/../../../../arm-none-eabi/lib/thumb/v7e-m+fp/hard\libc_nano.a
LOAD c:/st/stm32cubeide_1.3.0/stm32cubeide/plugins/com.st.stm32cube.ide.mcu.externaltools.gnu-tools-for-stm32.9-2020-q2-update.win32_2.0.0.202105311346/tools/bin/../lib/gcc/arm-none-eabi/9.3.1/../../../../arm-none-eabi/lib/thumb/v7e-m+fp/hard\libnosys.a
END GROUP
START GROUP
LOAD c:/st/stm32cubeide_1.3.0/stm32cubeide/plugins/com.st.stm32cube.ide.mcu.externaltools.gnu-tools-for-stm32.9-2020-q2-update.win32_2.0.0.202105311346/tools/bin/../lib/gcc/arm-none-eabi/9.3.1/thumb/v7e-m+fp/hard\libgcc.a
LOAD c:/st/stm32cubeide_1.3.0/stm32cubeide/plugins/com.st.stm32cube.ide.mcu.externaltools.gnu-tools-for-stm32.9-2020-q2-update.win32_2.0.0.202105311346/tools/bin/../lib/gcc/arm-none-eabi/9.3.1/../../../../arm-none-eabi/lib/thumb/v7e-m+fp/hard\libc_nano.a
LOAD c:/st/stm32cubeide_1.3.0/stm32cubeide/plugins/com.st.stm32cube.ide.mcu.externaltools.gnu-tools-for-stm32.9-2020-q2-update.win32_2.0.0.202105311346/tools/bin/../lib/gcc/arm-none-eabi/9.3.1/../../../../arm-none-eabi/lib/thumb/v7e-m+fp/hard\libnosys.a
END GROUP
LOAD c:/st/stm32cubeide_1.3.0/stm32cubeide/plugins/com.st.stm32cube.ide.mcu.externaltools.gnu-tools-for-stm32.9-2020-q2-update.win32_2.0.0.202105311346/tools/bin/../lib/gcc/arm-none-eabi/9.3.1/thumb/v7e-m+fp/hard/crtend.o
LOAD c:/st/stm32cubeide_1.3.0/stm32cubeide/plugins/com.st.stm32cube.ide.mcu.externaltools.gnu-tools-for-stm32.9-2020-q2-update.win32_2.0.0.202105311346/tools/bin/../lib/gcc/arm-none-eabi/9.3.1/thumb/v7e-m+fp/hard/crtn.o
                0x0000000020010000                _estack = (ORIGIN (RAM) + LENGTH (RAM))
                0x0000000000000200                _Min_Heap_Size = 0x200
                0x0000000000000400                _Min_Stack_Size = 0x400

.isr_vector     0x0000000008000000      0x194
                0x0000000008000000                . = ALIGN (0x4)
 *(.isr_vector)
 .isr_vector    0x0000000008000000      0x194 ./Startup/startup_stm32f401rctx.o
                0x0000000008000000                g_pfnVectors
                0x0000000008000194                . = ALIGN (0x4)

.text           0x0000000008000194     0x38cc
                0x0000000008000194                . = ALIGN (0x4)
 *(.text)
 .text          0x0000000008000194       0x40 c:/st/stm32cubeide_1.3.0/stm32cubeide/plugins/com.st.stm32cube.ide.mcu.externaltools.gnu-tools-for-stm32.9-2020-q2-update.win32_2.0.0.202105311346/tools/bin/../lib/gcc/arm-none-eabi/9.3.1/thumb/v7e-m+fp/hard/crtbegin.o
 .text          0x00000000080001d4       0x30 c:/st/stm32cubeide_1.3.0/stm32cubeide/plugins/com.st.stm32cube.ide.mcu.externaltools.gnu-tools-for-stm32.9-2020-q2-update.win32_2.0.0.202105311346/tools/bin/../lib/gcc/arm-none-eabi/9.3.1/thumb/v7e-m+fp/hard\libgcc.a(_aeabi_uldivmod.o)
                0x00000000080001d4                __aeabi_uldivmod
 .text          0x0000000008000204      0x2c4 c:/st/stm32cubeide_1.3.0/stm32cubeide/plugins/com.st.stm32cube.ide.mcu.externaltools.gnu-tools-for-stm32.9-2020-q2-update.win32_2.0.0.202105311346/tools/bin/../lib/gcc/arm-none-eabi/9.3.1/thumb/v7e-m+fp/hard\libgcc.a(_udivmoddi4.o)
                0x0000000008000204                __udivmoddi4
 .text          0x00000000080004c8        0x4 c:/st/stm32cubeide_1.3.0/stm32cubeide/plugins/com.st.stm32cube.ide.mcu.externaltools.gnu-tools-for-stm32.9-2020-q2-update.win32_2.0.0.202105311346/tools/bin/../lib/gcc/arm-none-eabi/9.3.1/thumb/v7e-m+fp/hard\libgcc.a(_dvmd_tls.o)
                0x00000000080004c8                __aeabi_idiv0
                0x00000000080004c8                __aeabi_ldiv0
 *(.text*)
 .text.HAL_Init
                0x00000000080004cc       0x44 ./Drivers/STM32F4xx_HAL_Driver/Src/stm32f4xx_hal.o
                0x00000000080004cc                HAL_Init
 .text.HAL_InitTick
                0x0000000008000510       0x60 ./Drivers/STM32F4xx_HAL_Driver/Src/stm32f4xx_hal.o
                0x0000000008000510                HAL_InitTick
 .text.HAL_IncTick
                0x0000000008000570       0x28 ./Drivers/STM32F4xx_HAL_Driver/Src/stm32f4xx_hal.o
                0x0000000008000570                HAL_IncTick
 .text.HAL_GetTick
                0x0000000008000598       0x18 ./Drivers/STM32F4xx_HAL_Driver/Src/stm32f4xx_hal.o
                0x0000000008000598                HAL_GetTick
 .text.HAL_ADC_Init
                0x00000000080005b0       0x86 ./Drivers/STM32F4xx_HAL_Driver/Src/stm32f4xx_hal_adc.o
                0x00000000080005b0                HAL_ADC_Init
 *fill*         0x0000000008000636        0x2 
 .text.HAL_ADC_ConfigChannel
                0x0000000008000638      0x244 ./Drivers/STM32F4xx_HAL_Driver/Src/stm32f4xx_hal_adc.o
                0x0000000008000638                HAL_ADC_ConfigChannel
 .text.ADC_Init
                0x000000000800087c      0x1f8 ./Drivers/STM32F4xx_HAL_Driver/Src/stm32f4xx_hal_adc.o
 .text.__NVIC_SetPriorityGrouping
                0x0000000008000a74       0x48 ./Drivers/STM32F4xx_HAL_Driver/Src/stm32f4xx_hal_cortex.o
 .text.__NVIC_GetPriorityGrouping
                0x0000000008000abc       0x1c ./Drivers/STM32F4xx_HAL_Driver/Src/stm32f4xx_hal_cortex.o
 .text.__NVIC_EnableIRQ
                0x0000000008000ad8       0x3c ./Drivers/STM32F4xx_HAL_Driver/Src/stm32f4xx_hal_cortex.o
 .text.__NVIC_SetPriority
                0x0000000008000b14       0x54 ./Drivers/STM32F4xx_HAL_Driver/Src/stm32f4xx_hal_cortex.o
 .text.NVIC_EncodePriority
                0x0000000008000b68       0x66 ./Drivers/STM32F4xx_HAL_Driver/Src/stm32f4xx_hal_cortex.o
 *fill*         0x0000000008000bce        0x2 
 .text.SysTick_Config
                0x0000000008000bd0       0x44 ./Drivers/STM32F4xx_HAL_Driver/Src/stm32f4xx_hal_cortex.o
 .text.HAL_NVIC_SetPriorityGrouping
                0x0000000008000c14       0x16 ./Drivers/STM32F4xx_HAL_Driver/Src/stm32f4xx_hal_cortex.o
                0x0000000008000c14                HAL_NVIC_SetPriorityGrouping
 .text.HAL_NVIC_SetPriority
                0x0000000008000c2a       0x38 ./Drivers/STM32F4xx_HAL_Driver/Src/stm32f4xx_hal_cortex.o
                0x0000000008000c2a                HAL_NVIC_SetPriority
 .text.HAL_NVIC_EnableIRQ
                0x0000000008000c62       0x1c ./Drivers/STM32F4xx_HAL_Driver/Src/stm32f4xx_hal_cortex.o
                0x0000000008000c62                HAL_NVIC_EnableIRQ
 .text.HAL_SYSTICK_Config
                0x0000000008000c7e       0x18 ./Drivers/STM32F4xx_HAL_Driver/Src/stm32f4xx_hal_cortex.o
                0x0000000008000c7e                HAL_SYSTICK_Config
 *fill*         0x0000000008000c96        0x2 
 .text.HAL_DMA_Init
                0x0000000008000c98      0x15c ./Drivers/STM32F4xx_HAL_Driver/Src/stm32f4xx_hal_dma.o
                0x0000000008000c98                HAL_DMA_Init
 .text.HAL_DMA_IRQHandler
                0x0000000008000df4      0x314 ./Drivers/STM32F4xx_HAL_Driver/Src/stm32f4xx_hal_dma.o
                0x0000000008000df4                HAL_DMA_IRQHandler
 .text.DMA_CalcBaseAndBitshift
                0x0000000008001108       0x6c ./Drivers/STM32F4xx_HAL_Driver/Src/stm32f4xx_hal_dma.o
 .text.DMA_CheckFifoParam
                0x0000000008001174       0xf8 ./Drivers/STM32F4xx_HAL_Driver/Src/stm32f4xx_hal_dma.o
 .text.HAL_GPIO_Init
                0x000000000800126c      0x308 ./Drivers/STM32F4xx_HAL_Driver/Src/stm32f4xx_hal_gpio.o
                0x000000000800126c                HAL_GPIO_Init
 .text.HAL_GPIO_ReadPin
                0x0000000008001574       0x30 ./Drivers/STM32F4xx_HAL_Driver/Src/stm32f4xx_hal_gpio.o
                0x0000000008001574                HAL_GPIO_ReadPin
 .text.HAL_GPIO_WritePin
                0x00000000080015a4       0x32 ./Drivers/STM32F4xx_HAL_Driver/Src/stm32f4xx_hal_gpio.o
                0x00000000080015a4                HAL_GPIO_WritePin
 *fill*         0x00000000080015d6        0x2 
 .text.HAL_RCC_OscConfig
                0x00000000080015d8      0x4f0 ./Drivers/STM32F4xx_HAL_Driver/Src/stm32f4xx_hal_rcc.o
                0x00000000080015d8                HAL_RCC_OscConfig
 .text.HAL_RCC_ClockConfig
                0x0000000008001ac8      0x1cc ./Drivers/STM32F4xx_HAL_Driver/Src/stm32f4xx_hal_rcc.o
                0x0000000008001ac8                HAL_RCC_ClockConfig
 .text.HAL_RCC_GetSysClockFreq
                0x0000000008001c94      0x16c ./Drivers/STM32F4xx_HAL_Driver/Src/stm32f4xx_hal_rcc.o
                0x0000000008001c94                HAL_RCC_GetSysClockFreq
 .text.HAL_TIM_PWM_Init
                0x0000000008001e00       0x9e ./Drivers/STM32F4xx_HAL_Driver/Src/stm32f4xx_hal_tim.o
                0x0000000008001e00                HAL_TIM_PWM_Init
 *fill*         0x0000000008001e9e        0x2 
 .text.HAL_TIM_PWM_Start
                0x0000000008001ea0      0x160 ./Drivers/STM32F4xx_HAL_Driver/Src/stm32f4xx_hal_tim.o
                0x0000000008001ea0                HAL_TIM_PWM_Start
 .text.HAL_TIM_Encoder_Init
                0x0000000008002000      0x14c ./Drivers/STM32F4xx_HAL_Driver/Src/stm32f4xx_hal_tim.o
                0x0000000008002000                HAL_TIM_Encoder_Init
 .text.HAL_TIM_Encoder_Start_IT
                0x000000000800214c      0x15c ./Drivers/STM32F4xx_HAL_Driver/Src/stm32f4xx_hal_tim.o
                0x000000000800214c                HAL_TIM_Encoder_Start_IT
 .text.HAL_TIM_PWM_ConfigChannel
                0x00000000080022a8      0x184 ./Drivers/STM32F4xx_HAL_Driver/Src/stm32f4xx_hal_tim.o
                0x00000000080022a8                HAL_TIM_PWM_ConfigChannel
 .text.TIM_Base_SetConfig
                0x000000000800242c      0x100 ./Drivers/STM32F4xx_HAL_Driver/Src/stm32f4xx_hal_tim.o
                0x000000000800242c                TIM_Base_SetConfig
 .text.TIM_OC1_SetConfig
                0x000000000800252c       0xcc ./Drivers/STM32F4xx_HAL_Driver/Src/stm32f4xx_hal_tim.o
 .text.TIM_OC2_SetConfig
                0x00000000080025f8       0xd8 ./Drivers/STM32F4xx_HAL_Driver/Src/stm32f4xx_hal_tim.o
                0x00000000080025f8                TIM_OC2_SetConfig
 .text.TIM_OC3_SetConfig
                0x00000000080026d0       0xd4 ./Drivers/STM32F4xx_HAL_Driver/Src/stm32f4xx_hal_tim.o
 .text.TIM_OC4_SetConfig
                0x00000000080027a4       0xa0 ./Drivers/STM32F4xx_HAL_Driver/Src/stm32f4xx_hal_tim.o
 .text.TIM_CCxChannelCmd
                0x0000000008002844       0x4a ./Drivers/STM32F4xx_HAL_Driver/Src/stm32f4xx_hal_tim.o
                0x0000000008002844                TIM_CCxChannelCmd
 *fill*         0x000000000800288e        0x2 
 .text.HAL_TIMEx_MasterConfigSynchronization
                0x0000000008002890       0xdc ./Drivers/STM32F4xx_HAL_Driver/Src/stm32f4xx_hal_tim_ex.o
                0x0000000008002890                HAL_TIMEx_MasterConfigSynchronization
 .text.MX_ADC1_Init
                0x000000000800296c       0xc0 ./Src/adc.o
                0x000000000800296c                MX_ADC1_Init
 .text.HAL_ADC_MspInit
                0x0000000008002a2c       0xf0 ./Src/adc.o
                0x0000000008002a2c                HAL_ADC_MspInit
 .text.MX_DMA_Init
                0x0000000008002b1c       0x40 ./Src/dma.o
                0x0000000008002b1c                MX_DMA_Init
 .text.MX_GPIO_Init
                0x0000000008002b5c      0x11c ./Src/gpio.o
                0x0000000008002b5c                MX_GPIO_Init
 .text.main     0x0000000008002c78      0x184 ./Src/main.o
                0x0000000008002c78                main
 .text.SystemClock_Config
                0x0000000008002dfc       0xd4 ./Src/main.o
                0x0000000008002dfc                SystemClock_Config
 .text.LS_tyl   0x0000000008002ed0       0x20 ./Src/main.o
                0x0000000008002ed0                LS_tyl
 .text.LS_przod
                0x0000000008002ef0       0x20 ./Src/main.o
                0x0000000008002ef0                LS_przod
 .text.LS_stop  0x0000000008002f10       0x20 ./Src/main.o
                0x0000000008002f10                LS_stop
 .text.PS_tyl   0x0000000008002f30       0x20 ./Src/main.o
                0x0000000008002f30                PS_tyl
 .text.PS_przod
                0x0000000008002f50       0x20 ./Src/main.o
                0x0000000008002f50                PS_przod
 .text.PS_stop  0x0000000008002f70       0x20 ./Src/main.o
                0x0000000008002f70                PS_stop
 .text.przod    0x0000000008002f90       0x10 ./Src/main.o
                0x0000000008002f90                przod
 .text.tyl      0x0000000008002fa0       0x10 ./Src/main.o
                0x0000000008002fa0                tyl
 .text.stoj     0x0000000008002fb0       0x10 ./Src/main.o
                0x0000000008002fb0                stoj
 .text.lewy     0x0000000008002fc0       0x10 ./Src/main.o
                0x0000000008002fc0                lewy
 .text.prawy    0x0000000008002fd0       0x10 ./Src/main.o
                0x0000000008002fd0                prawy
 .text.led      0x0000000008002fe0       0xc0 ./Src/main.o
                0x0000000008002fe0                led
 .text.zerujE   0x00000000080030a0       0x24 ./Src/main.o
                0x00000000080030a0                zerujE
 .text.soft_start
                0x00000000080030c4       0xfc ./Src/main.o
                0x00000000080030c4                soft_start
 .text.bialaL   0x00000000080031c0      0x164 ./Src/main.o
                0x00000000080031c0                bialaL
 .text.Error_Handler
                0x0000000008003324        0xe ./Src/main.o
                0x0000000008003324                Error_Handler
 *fill*         0x0000000008003332        0x2 
 .text.HAL_MspInit
                0x0000000008003334       0x50 ./Src/stm32f4xx_hal_msp.o
                0x0000000008003334                HAL_MspInit
 .text.NMI_Handler
                0x0000000008003384        0xe ./Src/stm32f4xx_it.o
                0x0000000008003384                NMI_Handler
 .text.HardFault_Handler
                0x0000000008003392        0x6 ./Src/stm32f4xx_it.o
                0x0000000008003392                HardFault_Handler
 .text.MemManage_Handler
                0x0000000008003398        0x6 ./Src/stm32f4xx_it.o
                0x0000000008003398                MemManage_Handler
 .text.BusFault_Handler
                0x000000000800339e        0x6 ./Src/stm32f4xx_it.o
                0x000000000800339e                BusFault_Handler
 .text.UsageFault_Handler
                0x00000000080033a4        0x6 ./Src/stm32f4xx_it.o
                0x00000000080033a4                UsageFault_Handler
 .text.SVC_Handler
                0x00000000080033aa        0xe ./Src/stm32f4xx_it.o
                0x00000000080033aa                SVC_Handler
 .text.DebugMon_Handler
                0x00000000080033b8        0xe ./Src/stm32f4xx_it.o
                0x00000000080033b8                DebugMon_Handler
 .text.PendSV_Handler
                0x00000000080033c6        0xe ./Src/stm32f4xx_it.o
                0x00000000080033c6                PendSV_Handler
 .text.SysTick_Handler
                0x00000000080033d4      0x1bc ./Src/stm32f4xx_it.o
                0x00000000080033d4                SysTick_Handler
 .text.DMA2_Stream0_IRQHandler
                0x0000000008003590       0x14 ./Src/stm32f4xx_it.o
                0x0000000008003590                DMA2_Stream0_IRQHandler
 .text.SystemInit
                0x00000000080035a4       0x2c ./Src/system_stm32f4xx.o
                0x00000000080035a4                SystemInit
 .text.MX_TIM1_Init
                0x00000000080035d0       0xb0 ./Src/tim.o
                0x00000000080035d0                MX_TIM1_Init
 .text.MX_TIM2_Init
                0x0000000008003680       0xa8 ./Src/tim.o
                0x0000000008003680                MX_TIM2_Init
 .text.MX_TIM3_Init
                0x0000000008003728       0xc8 ./Src/tim.o
                0x0000000008003728                MX_TIM3_Init
 .text.HAL_TIM_Encoder_MspInit
                0x00000000080037f0       0xf4 ./Src/tim.o
                0x00000000080037f0                HAL_TIM_Encoder_MspInit
 .text.HAL_TIM_PWM_MspInit
                0x00000000080038e4       0x44 ./Src/tim.o
                0x00000000080038e4                HAL_TIM_PWM_MspInit
 .text.HAL_TIM_MspPostInit
                0x0000000008003928       0x74 ./Src/tim.o
                0x0000000008003928                HAL_TIM_MspPostInit
 .text.Reset_Handler
                0x000000000800399c       0x50 ./Startup/startup_stm32f401rctx.o
                0x000000000800399c                Reset_Handler
 .text.Default_Handler
                0x00000000080039ec        0x2 ./Startup/startup_stm32f401rctx.o
                0x00000000080039ec                RTC_Alarm_IRQHandler
                0x00000000080039ec                EXTI2_IRQHandler
                0x00000000080039ec                SPI4_IRQHandler
                0x00000000080039ec                TIM1_CC_IRQHandler
                0x00000000080039ec                DMA2_Stream5_IRQHandler
                0x00000000080039ec                DMA1_Stream5_IRQHandler
                0x00000000080039ec                PVD_IRQHandler
                0x00000000080039ec                SDIO_IRQHandler
                0x00000000080039ec                TAMP_STAMP_IRQHandler
                0x00000000080039ec                EXTI3_IRQHandler
                0x00000000080039ec                TIM1_UP_TIM10_IRQHandler
                0x00000000080039ec                I2C3_ER_IRQHandler
                0x00000000080039ec                EXTI0_IRQHandler
                0x00000000080039ec                I2C2_EV_IRQHandler
                0x00000000080039ec                DMA1_Stream2_IRQHandler
                0x00000000080039ec                FPU_IRQHandler
                0x00000000080039ec                DMA2_Stream2_IRQHandler
                0x00000000080039ec                SPI1_IRQHandler
                0x00000000080039ec                TIM1_BRK_TIM9_IRQHandler
                0x00000000080039ec                DMA2_Stream3_IRQHandler
                0x00000000080039ec                USART6_IRQHandler
                0x00000000080039ec                TIM4_IRQHandler
                0x00000000080039ec                I2C1_EV_IRQHandler
                0x00000000080039ec                DMA1_Stream6_IRQHandler
                0x00000000080039ec                DMA1_Stream1_IRQHandler
                0x00000000080039ec                TIM3_IRQHandler
                0x00000000080039ec                RCC_IRQHandler
                0x00000000080039ec                Default_Handler
                0x00000000080039ec                EXTI15_10_IRQHandler
                0x00000000080039ec                ADC_IRQHandler
                0x00000000080039ec                DMA1_Stream7_IRQHandler
                0x00000000080039ec                TIM5_IRQHandler
                0x00000000080039ec                DMA2_Stream7_IRQHandler
                0x00000000080039ec                I2C3_EV_IRQHandler
                0x00000000080039ec                EXTI9_5_IRQHandler
                0x00000000080039ec                RTC_WKUP_IRQHandler
                0x00000000080039ec                SPI2_IRQHandler
                0x00000000080039ec                DMA1_Stream0_IRQHandler
                0x00000000080039ec                EXTI4_IRQHandler
                0x00000000080039ec                WWDG_IRQHandler
                0x00000000080039ec                TIM2_IRQHandler
                0x00000000080039ec                OTG_FS_WKUP_IRQHandler
                0x00000000080039ec                TIM1_TRG_COM_TIM11_IRQHandler
                0x00000000080039ec                EXTI1_IRQHandler
                0x00000000080039ec                USART2_IRQHandler
                0x00000000080039ec                I2C2_ER_IRQHandler
                0x00000000080039ec                DMA2_Stream1_IRQHandler
                0x00000000080039ec                FLASH_IRQHandler
                0x00000000080039ec                DMA2_Stream4_IRQHandler
                0x00000000080039ec                USART1_IRQHandler
                0x00000000080039ec                OTG_FS_IRQHandler
                0x00000000080039ec                SPI3_IRQHandler
                0x00000000080039ec                DMA1_Stream4_IRQHandler
                0x00000000080039ec                I2C1_ER_IRQHandler
                0x00000000080039ec                DMA2_Stream6_IRQHandler
                0x00000000080039ec                DMA1_Stream3_IRQHandler
 *fill*         0x00000000080039ee        0x2 
 .text.__libc_init_array
                0x00000000080039f0       0x48 c:/st/stm32cubeide_1.3.0/stm32cubeide/plugins/com.st.stm32cube.ide.mcu.externaltools.gnu-tools-for-stm32.9-2020-q2-update.win32_2.0.0.202105311346/tools/bin/../lib/gcc/arm-none-eabi/9.3.1/../../../../arm-none-eabi/lib/thumb/v7e-m+fp/hard\libc_nano.a(lib_a-init.o)
                0x00000000080039f0                __libc_init_array
 .text.memset   0x0000000008003a38       0x10 c:/st/stm32cubeide_1.3.0/stm32cubeide/plugins/com.st.stm32cube.ide.mcu.externaltools.gnu-tools-for-stm32.9-2020-q2-update.win32_2.0.0.202105311346/tools/bin/../lib/gcc/arm-none-eabi/9.3.1/../../../../arm-none-eabi/lib/thumb/v7e-m+fp/hard\libc_nano.a(lib_a-memset.o)
                0x0000000008003a38                memset
 *(.glue_7)
 .glue_7        0x0000000008003a48        0x0 linker stubs
 *(.glue_7t)
 .glue_7t       0x0000000008003a48        0x0 linker stubs
 *(.eh_frame)
 .eh_frame      0x0000000008003a48        0x0 c:/st/stm32cubeide_1.3.0/stm32cubeide/plugins/com.st.stm32cube.ide.mcu.externaltools.gnu-tools-for-stm32.9-2020-q2-update.win32_2.0.0.202105311346/tools/bin/../lib/gcc/arm-none-eabi/9.3.1/thumb/v7e-m+fp/hard/crtbegin.o
 *(.init)
 .init          0x0000000008003a48        0x4 c:/st/stm32cubeide_1.3.0/stm32cubeide/plugins/com.st.stm32cube.ide.mcu.externaltools.gnu-tools-for-stm32.9-2020-q2-update.win32_2.0.0.202105311346/tools/bin/../lib/gcc/arm-none-eabi/9.3.1/thumb/v7e-m+fp/hard/crti.o
                0x0000000008003a48                _init
 .init          0x0000000008003a4c        0x8 c:/st/stm32cubeide_1.3.0/stm32cubeide/plugins/com.st.stm32cube.ide.mcu.externaltools.gnu-tools-for-stm32.9-2020-q2-update.win32_2.0.0.202105311346/tools/bin/../lib/gcc/arm-none-eabi/9.3.1/thumb/v7e-m+fp/hard/crtn.o
 *(.fini)
 .fini          0x0000000008003a54        0x4 c:/st/stm32cubeide_1.3.0/stm32cubeide/plugins/com.st.stm32cube.ide.mcu.externaltools.gnu-tools-for-stm32.9-2020-q2-update.win32_2.0.0.202105311346/tools/bin/../lib/gcc/arm-none-eabi/9.3.1/thumb/v7e-m+fp/hard/crti.o
                0x0000000008003a54                _fini
 .fini          0x0000000008003a58        0x8 c:/st/stm32cubeide_1.3.0/stm32cubeide/plugins/com.st.stm32cube.ide.mcu.externaltools.gnu-tools-for-stm32.9-2020-q2-update.win32_2.0.0.202105311346/tools/bin/../lib/gcc/arm-none-eabi/9.3.1/thumb/v7e-m+fp/hard/crtn.o
                0x0000000008003a60                . = ALIGN (0x4)
                0x0000000008003a60                _etext = .

.vfp11_veneer   0x0000000008003a60        0x0
 .vfp11_veneer  0x0000000008003a60        0x0 linker stubs

.v4_bx          0x0000000008003a60        0x0
 .v4_bx         0x0000000008003a60        0x0 linker stubs

.iplt           0x0000000008003a60        0x0
 .iplt          0x0000000008003a60        0x0 c:/st/stm32cubeide_1.3.0/stm32cubeide/plugins/com.st.stm32cube.ide.mcu.externaltools.gnu-tools-for-stm32.9-2020-q2-update.win32_2.0.0.202105311346/tools/bin/../lib/gcc/arm-none-eabi/9.3.1/thumb/v7e-m+fp/hard/crtbegin.o

.rodata         0x0000000008003a60       0x18
                0x0000000008003a60                . = ALIGN (0x4)
 *(.rodata)
 *(.rodata*)
 .rodata.flagBitshiftOffset.8434
                0x0000000008003a60        0x8 ./Drivers/STM32F4xx_HAL_Driver/Src/stm32f4xx_hal_dma.o
 .rodata.AHBPrescTable
                0x0000000008003a68       0x10 ./Src/system_stm32f4xx.o
                0x0000000008003a68                AHBPrescTable
                0x0000000008003a78                . = ALIGN (0x4)

.ARM.extab      0x0000000008003a78        0x0
                0x0000000008003a78                . = ALIGN (0x4)
 *(.ARM.extab* .gnu.linkonce.armextab.*)
                0x0000000008003a78                . = ALIGN (0x4)

.ARM            0x0000000008003a78        0x8
                0x0000000008003a78                . = ALIGN (0x4)
                0x0000000008003a78                __exidx_start = .
 *(.ARM.exidx*)
 .ARM.exidx     0x0000000008003a78        0x8 c:/st/stm32cubeide_1.3.0/stm32cubeide/plugins/com.st.stm32cube.ide.mcu.externaltools.gnu-tools-for-stm32.9-2020-q2-update.win32_2.0.0.202105311346/tools/bin/../lib/gcc/arm-none-eabi/9.3.1/thumb/v7e-m+fp/hard\libgcc.a(_udivmoddi4.o)
                0x0000000008003a80                __exidx_end = .
                0x0000000008003a80                . = ALIGN (0x4)

.rel.dyn        0x0000000008003a80        0x0
 .rel.iplt      0x0000000008003a80        0x0 c:/st/stm32cubeide_1.3.0/stm32cubeide/plugins/com.st.stm32cube.ide.mcu.externaltools.gnu-tools-for-stm32.9-2020-q2-update.win32_2.0.0.202105311346/tools/bin/../lib/gcc/arm-none-eabi/9.3.1/thumb/v7e-m+fp/hard/crtbegin.o

.preinit_array  0x0000000008003a80        0x0
                0x0000000008003a80                . = ALIGN (0x4)
                0x0000000008003a80                PROVIDE (__preinit_array_start = .)
 *(.preinit_array*)
                0x0000000008003a80                PROVIDE (__preinit_array_end = .)
                0x0000000008003a80                . = ALIGN (0x4)

.init_array     0x0000000008003a80        0x4
                0x0000000008003a80                . = ALIGN (0x4)
                0x0000000008003a80                PROVIDE (__init_array_start = .)
 *(SORT_BY_NAME(.init_array.*))
 *(.init_array*)
 .init_array    0x0000000008003a80        0x4 c:/st/stm32cubeide_1.3.0/stm32cubeide/plugins/com.st.stm32cube.ide.mcu.externaltools.gnu-tools-for-stm32.9-2020-q2-update.win32_2.0.0.202105311346/tools/bin/../lib/gcc/arm-none-eabi/9.3.1/thumb/v7e-m+fp/hard/crtbegin.o
                0x0000000008003a84                PROVIDE (__init_array_end = .)
                0x0000000008003a84                . = ALIGN (0x4)

.fini_array     0x0000000008003a84        0x4
                0x0000000008003a84                . = ALIGN (0x4)
                [!provide]                        PROVIDE (__fini_array_start = .)
 *(SORT_BY_NAME(.fini_array.*))
 *(.fini_array*)
 .fini_array    0x0000000008003a84        0x4 c:/st/stm32cubeide_1.3.0/stm32cubeide/plugins/com.st.stm32cube.ide.mcu.externaltools.gnu-tools-for-stm32.9-2020-q2-update.win32_2.0.0.202105311346/tools/bin/../lib/gcc/arm-none-eabi/9.3.1/thumb/v7e-m+fp/hard/crtbegin.o
                [!provide]                        PROVIDE (__fini_array_end = .)
                0x0000000008003a88                . = ALIGN (0x4)
                0x0000000008003a88                _sidata = LOADADDR (.data)

.data           0x0000000020000000       0x14 load address 0x0000000008003a88
                0x0000000020000000                . = ALIGN (0x4)
                0x0000000020000000                _sdata = .
 *(.data)
 *(.data*)
 .data.uwTickPrio
                0x0000000020000000        0x4 ./Drivers/STM32F4xx_HAL_Driver/Src/stm32f4xx_hal.o
                0x0000000020000000                uwTickPrio
 .data.uwTickFreq
                0x0000000020000004        0x1 ./Drivers/STM32F4xx_HAL_Driver/Src/stm32f4xx_hal.o
                0x0000000020000004                uwTickFreq
 *fill*         0x0000000020000005        0x3 
 .data.P        0x0000000020000008        0x4 ./Src/stm32f4xx_it.o
                0x0000000020000008                P
 .data.D        0x000000002000000c        0x4 ./Src/stm32f4xx_it.o
                0x000000002000000c                D
 .data.SystemCoreClock
                0x0000000020000010        0x4 ./Src/system_stm32f4xx.o
                0x0000000020000010                SystemCoreClock
                0x0000000020000014                . = ALIGN (0x4)
                0x0000000020000014                _edata = .

.igot.plt       0x0000000020000014        0x0 load address 0x0000000008003a9c
 .igot.plt      0x0000000020000014        0x0 c:/st/stm32cubeide_1.3.0/stm32cubeide/plugins/com.st.stm32cube.ide.mcu.externaltools.gnu-tools-for-stm32.9-2020-q2-update.win32_2.0.0.202105311346/tools/bin/../lib/gcc/arm-none-eabi/9.3.1/thumb/v7e-m+fp/hard/crtbegin.o
                0x0000000020000014                . = ALIGN (0x4)

.bss            0x0000000020000014      0x1e4 load address 0x0000000008003a9c
                0x0000000020000014                _sbss = .
                0x0000000020000014                __bss_start__ = _sbss
 *(.bss)
 .bss           0x0000000020000014       0x1c c:/st/stm32cubeide_1.3.0/stm32cubeide/plugins/com.st.stm32cube.ide.mcu.externaltools.gnu-tools-for-stm32.9-2020-q2-update.win32_2.0.0.202105311346/tools/bin/../lib/gcc/arm-none-eabi/9.3.1/thumb/v7e-m+fp/hard/crtbegin.o
 *(.bss*)
 .bss.nowe_PWM_L
                0x0000000020000030        0x4 ./Src/stm32f4xx_it.o
                0x0000000020000030                nowe_PWM_L
 .bss.nowe_PWM_P
                0x0000000020000034        0x4 ./Src/stm32f4xx_it.o
                0x0000000020000034                nowe_PWM_P
 .bss.akt_V_P   0x0000000020000038        0x4 ./Src/stm32f4xx_it.o
                0x0000000020000038                akt_V_P
 .bss.akt_V_L   0x000000002000003c        0x4 ./Src/stm32f4xx_it.o
                0x000000002000003c                akt_V_L
 *(COMMON)
 COMMON         0x0000000020000040        0x4 ./Drivers/STM32F4xx_HAL_Driver/Src/stm32f4xx_hal.o
                0x0000000020000040                uwTick
 COMMON         0x0000000020000044       0xa8 ./Src/adc.o
                0x0000000020000044                hadc1
                0x000000002000008c                hdma_adc1
 COMMON         0x00000000200000ec       0x20 ./Src/main.o
                0x00000000200000ec                ust_D_P
                0x00000000200000f0                ust_D_L
                0x00000000200000f4                zad_V_P
                0x00000000200000f8                linia
                0x0000000020000100                ls
                0x0000000020000108                zad_V_L
 COMMON         0x000000002000010c       0x14 ./Src/stm32f4xx_it.o
                0x000000002000010c                akt_bl_L
                0x0000000020000110                wcz_bl_P
                0x0000000020000114                akt_bl_P
                0x0000000020000118                start
                0x000000002000011c                wcz_bl_L
 COMMON         0x0000000020000120       0xd8 ./Src/tim.o
                0x0000000020000120                htim3
                0x0000000020000168                htim1
                0x00000000200001b0                htim2
                0x00000000200001f8                . = ALIGN (0x4)
                0x00000000200001f8                _ebss = .
                0x00000000200001f8                __bss_end__ = _ebss

._user_heap_stack
                0x00000000200001f8      0x600 load address 0x0000000008003a9c
                0x00000000200001f8                . = ALIGN (0x8)
                0x00000000200001f8                PROVIDE (end = .)
                [!provide]                        PROVIDE (_end = .)
                0x00000000200003f8                . = (. + _Min_Heap_Size)
 *fill*         0x00000000200001f8      0x200 
                0x00000000200007f8                . = (. + _Min_Stack_Size)
 *fill*         0x00000000200003f8      0x400 
                0x00000000200007f8                . = ALIGN (0x8)

/DISCARD/
 libc.a(*)
 libm.a(*)
 libgcc.a(*)

.ARM.attributes
                0x0000000000000000       0x30
 *(.ARM.attributes)
 .ARM.attributes
                0x0000000000000000       0x1e c:/st/stm32cubeide_1.3.0/stm32cubeide/plugins/com.st.stm32cube.ide.mcu.externaltools.gnu-tools-for-stm32.9-2020-q2-update.win32_2.0.0.202105311346/tools/bin/../lib/gcc/arm-none-eabi/9.3.1/thumb/v7e-m+fp/hard/crti.o
 .ARM.attributes
                0x000000000000001e       0x34 c:/st/stm32cubeide_1.3.0/stm32cubeide/plugins/com.st.stm32cube.ide.mcu.externaltools.gnu-tools-for-stm32.9-2020-q2-update.win32_2.0.0.202105311346/tools/bin/../lib/gcc/arm-none-eabi/9.3.1/thumb/v7e-m+fp/hard/crtbegin.o
 .ARM.attributes
                0x0000000000000052       0x34 ./Drivers/STM32F4xx_HAL_Driver/Src/stm32f4xx_hal.o
 .ARM.attributes
                0x0000000000000086       0x34 ./Drivers/STM32F4xx_HAL_Driver/Src/stm32f4xx_hal_adc.o
 .ARM.attributes
                0x00000000000000ba       0x34 ./Drivers/STM32F4xx_HAL_Driver/Src/stm32f4xx_hal_cortex.o
 .ARM.attributes
                0x00000000000000ee       0x34 ./Drivers/STM32F4xx_HAL_Driver/Src/stm32f4xx_hal_dma.o
 .ARM.attributes
                0x0000000000000122       0x34 ./Drivers/STM32F4xx_HAL_Driver/Src/stm32f4xx_hal_gpio.o
 .ARM.attributes
                0x0000000000000156       0x34 ./Drivers/STM32F4xx_HAL_Driver/Src/stm32f4xx_hal_rcc.o
 .ARM.attributes
                0x000000000000018a       0x34 ./Drivers/STM32F4xx_HAL_Driver/Src/stm32f4xx_hal_tim.o
 .ARM.attributes
                0x00000000000001be       0x34 ./Drivers/STM32F4xx_HAL_Driver/Src/stm32f4xx_hal_tim_ex.o
 .ARM.attributes
                0x00000000000001f2       0x34 ./Src/adc.o
 .ARM.attributes
                0x0000000000000226       0x34 ./Src/dma.o
 .ARM.attributes
                0x000000000000025a       0x34 ./Src/gpio.o
 .ARM.attributes
                0x000000000000028e       0x34 ./Src/main.o
 .ARM.attributes
                0x00000000000002c2       0x34 ./Src/stm32f4xx_hal_msp.o
 .ARM.attributes
                0x00000000000002f6       0x34 ./Src/stm32f4xx_it.o
 .ARM.attributes
                0x000000000000032a       0x34 ./Src/system_stm32f4xx.o
 .ARM.attributes
                0x000000000000035e       0x34 ./Src/tim.o
 .ARM.attributes
                0x0000000000000392       0x21 ./Startup/startup_stm32f401rctx.o
 .ARM.attributes
                0x00000000000003b3       0x34 c:/st/stm32cubeide_1.3.0/stm32cubeide/plugins/com.st.stm32cube.ide.mcu.externaltools.gnu-tools-for-stm32.9-2020-q2-update.win32_2.0.0.202105311346/tools/bin/../lib/gcc/arm-none-eabi/9.3.1/../../../../arm-none-eabi/lib/thumb/v7e-m+fp/hard\libc_nano.a(lib_a-init.o)
 .ARM.attributes
                0x00000000000003e7       0x34 c:/st/stm32cubeide_1.3.0/stm32cubeide/plugins/com.st.stm32cube.ide.mcu.externaltools.gnu-tools-for-stm32.9-2020-q2-update.win32_2.0.0.202105311346/tools/bin/../lib/gcc/arm-none-eabi/9.3.1/../../../../arm-none-eabi/lib/thumb/v7e-m+fp/hard\libc_nano.a(lib_a-memset.o)
 .ARM.attributes
                0x000000000000041b       0x1e c:/st/stm32cubeide_1.3.0/stm32cubeide/plugins/com.st.stm32cube.ide.mcu.externaltools.gnu-tools-for-stm32.9-2020-q2-update.win32_2.0.0.202105311346/tools/bin/../lib/gcc/arm-none-eabi/9.3.1/thumb/v7e-m+fp/hard\libgcc.a(_aeabi_uldivmod.o)
 .ARM.attributes
                0x0000000000000439       0x34 c:/st/stm32cubeide_1.3.0/stm32cubeide/plugins/com.st.stm32cube.ide.mcu.externaltools.gnu-tools-for-stm32.9-2020-q2-update.win32_2.0.0.202105311346/tools/bin/../lib/gcc/arm-none-eabi/9.3.1/thumb/v7e-m+fp/hard\libgcc.a(_udivmoddi4.o)
 .ARM.attributes
                0x000000000000046d       0x1e c:/st/stm32cubeide_1.3.0/stm32cubeide/plugins/com.st.stm32cube.ide.mcu.externaltools.gnu-tools-for-stm32.9-2020-q2-update.win32_2.0.0.202105311346/tools/bin/../lib/gcc/arm-none-eabi/9.3.1/thumb/v7e-m+fp/hard\libgcc.a(_dvmd_tls.o)
 .ARM.attributes
                0x000000000000048b       0x1e c:/st/stm32cubeide_1.3.0/stm32cubeide/plugins/com.st.stm32cube.ide.mcu.externaltools.gnu-tools-for-stm32.9-2020-q2-update.win32_2.0.0.202105311346/tools/bin/../lib/gcc/arm-none-eabi/9.3.1/thumb/v7e-m+fp/hard/crtn.o
OUTPUT(minisumo.elf elf32-littlearm)
LOAD linker stubs
LOAD c:/st/stm32cubeide_1.3.0/stm32cubeide/plugins/com.st.stm32cube.ide.mcu.externaltools.gnu-tools-for-stm32.9-2020-q2-update.win32_2.0.0.202105311346/tools/bin/../lib/gcc/arm-none-eabi/9.3.1/../../../../arm-none-eabi/lib/thumb/v7e-m+fp/hard\libc.a
LOAD c:/st/stm32cubeide_1.3.0/stm32cubeide/plugins/com.st.stm32cube.ide.mcu.externaltools.gnu-tools-for-stm32.9-2020-q2-update.win32_2.0.0.202105311346/tools/bin/../lib/gcc/arm-none-eabi/9.3.1/../../../../arm-none-eabi/lib/thumb/v7e-m+fp/hard\libm.a
LOAD c:/st/stm32cubeide_1.3.0/stm32cubeide/plugins/com.st.stm32cube.ide.mcu.externaltools.gnu-tools-for-stm32.9-2020-q2-update.win32_2.0.0.202105311346/tools/bin/../lib/gcc/arm-none-eabi/9.3.1/thumb/v7e-m+fp/hard\libgcc.a

.debug_info     0x0000000000000000     0xd0ba
 .debug_info    0x0000000000000000      0x93d ./Drivers/STM32F4xx_HAL_Driver/Src/stm32f4xx_hal.o
 .debug_info    0x000000000000093d      0xdb4 ./Drivers/STM32F4xx_HAL_Driver/Src/stm32f4xx_hal_adc.o
 .debug_info    0x00000000000016f1      0xe41 ./Drivers/STM32F4xx_HAL_Driver/Src/stm32f4xx_hal_cortex.o
 .debug_info    0x0000000000002532      0x9e9 ./Drivers/STM32F4xx_HAL_Driver/Src/stm32f4xx_hal_dma.o
 .debug_info    0x0000000000002f1b      0x862 ./Drivers/STM32F4xx_HAL_Driver/Src/stm32f4xx_hal_gpio.o
 .debug_info    0x000000000000377d      0x9bd ./Drivers/STM32F4xx_HAL_Driver/Src/stm32f4xx_hal_rcc.o
 .debug_info    0x000000000000413a     0x2c1a ./Drivers/STM32F4xx_HAL_Driver/Src/stm32f4xx_hal_tim.o
 .debug_info    0x0000000000006d54     0x159a ./Drivers/STM32F4xx_HAL_Driver/Src/stm32f4xx_hal_tim_ex.o
 .debug_info    0x00000000000082ee      0xac4 ./Src/adc.o
 .debug_info    0x0000000000008db2      0x532 ./Src/dma.o
 .debug_info    0x00000000000092e4      0x521 ./Src/gpio.o
 .debug_info    0x0000000000009805     0x1a07 ./Src/main.o
 .debug_info    0x000000000000b20c      0x3c0 ./Src/stm32f4xx_hal_msp.o
 .debug_info    0x000000000000b5cc      0x6ee ./Src/stm32f4xx_it.o
 .debug_info    0x000000000000bcba      0x5d0 ./Src/system_stm32f4xx.o
 .debug_info    0x000000000000c28a      0xe0e ./Src/tim.o
 .debug_info    0x000000000000d098       0x22 ./Startup/startup_stm32f401rctx.o

.debug_abbrev   0x0000000000000000     0x20bd
 .debug_abbrev  0x0000000000000000      0x21e ./Drivers/STM32F4xx_HAL_Driver/Src/stm32f4xx_hal.o
 .debug_abbrev  0x000000000000021e      0x1ef ./Drivers/STM32F4xx_HAL_Driver/Src/stm32f4xx_hal_adc.o
 .debug_abbrev  0x000000000000040d      0x33c ./Drivers/STM32F4xx_HAL_Driver/Src/stm32f4xx_hal_cortex.o
 .debug_abbrev  0x0000000000000749      0x219 ./Drivers/STM32F4xx_HAL_Driver/Src/stm32f4xx_hal_dma.o
 .debug_abbrev  0x0000000000000962      0x1f1 ./Drivers/STM32F4xx_HAL_Driver/Src/stm32f4xx_hal_gpio.o
 .debug_abbrev  0x0000000000000b53      0x275 ./Drivers/STM32F4xx_HAL_Driver/Src/stm32f4xx_hal_rcc.o
 .debug_abbrev  0x0000000000000dc8      0x26f ./Drivers/STM32F4xx_HAL_Driver/Src/stm32f4xx_hal_tim.o
 .debug_abbrev  0x0000000000001037      0x277 ./Drivers/STM32F4xx_HAL_Driver/Src/stm32f4xx_hal_tim_ex.o
 .debug_abbrev  0x00000000000012ae      0x1ce ./Src/adc.o
 .debug_abbrev  0x000000000000147c      0x11b ./Src/dma.o
 .debug_abbrev  0x0000000000001597      0x14e ./Src/gpio.o
 .debug_abbrev  0x00000000000016e5      0x397 ./Src/main.o
 .debug_abbrev  0x0000000000001a7c      0x11d ./Src/stm32f4xx_hal_msp.o
 .debug_abbrev  0x0000000000001b99      0x19a ./Src/stm32f4xx_it.o
 .debug_abbrev  0x0000000000001d33      0x145 ./Src/system_stm32f4xx.o
 .debug_abbrev  0x0000000000001e78      0x233 ./Src/tim.o
 .debug_abbrev  0x00000000000020ab       0x12 ./Startup/startup_stm32f401rctx.o

.debug_aranges  0x0000000000000000      0xc10
 .debug_aranges
                0x0000000000000000       0xf0 ./Drivers/STM32F4xx_HAL_Driver/Src/stm32f4xx_hal.o
 .debug_aranges
                0x00000000000000f0       0xe8 ./Drivers/STM32F4xx_HAL_Driver/Src/stm32f4xx_hal_adc.o
 .debug_aranges
                0x00000000000001d8      0x118 ./Drivers/STM32F4xx_HAL_Driver/Src/stm32f4xx_hal_cortex.o
 .debug_aranges
                0x00000000000002f0       0x90 ./Drivers/STM32F4xx_HAL_Driver/Src/stm32f4xx_hal_dma.o
 .debug_aranges
                0x0000000000000380       0x58 ./Drivers/STM32F4xx_HAL_Driver/Src/stm32f4xx_hal_gpio.o
 .debug_aranges
                0x00000000000003d8       0x88 ./Drivers/STM32F4xx_HAL_Driver/Src/stm32f4xx_hal_rcc.o
 .debug_aranges
                0x0000000000000460      0x3d0 ./Drivers/STM32F4xx_HAL_Driver/Src/stm32f4xx_hal_tim.o
 .debug_aranges
                0x0000000000000830      0x168 ./Drivers/STM32F4xx_HAL_Driver/Src/stm32f4xx_hal_tim_ex.o
 .debug_aranges
                0x0000000000000998       0x30 ./Src/adc.o
 .debug_aranges
                0x00000000000009c8       0x20 ./Src/dma.o
 .debug_aranges
                0x00000000000009e8       0x20 ./Src/gpio.o
 .debug_aranges
                0x0000000000000a08       0xd8 ./Src/main.o
 .debug_aranges
                0x0000000000000ae0       0x20 ./Src/stm32f4xx_hal_msp.o
 .debug_aranges
                0x0000000000000b00       0x68 ./Src/stm32f4xx_it.o
 .debug_aranges
                0x0000000000000b68       0x28 ./Src/system_stm32f4xx.o
 .debug_aranges
                0x0000000000000b90       0x58 ./Src/tim.o
 .debug_aranges
                0x0000000000000be8       0x28 ./Startup/startup_stm32f401rctx.o

.debug_ranges   0x0000000000000000      0xb08
 .debug_ranges  0x0000000000000000       0xe0 ./Drivers/STM32F4xx_HAL_Driver/Src/stm32f4xx_hal.o
 .debug_ranges  0x00000000000000e0       0xd8 ./Drivers/STM32F4xx_HAL_Driver/Src/stm32f4xx_hal_adc.o
 .debug_ranges  0x00000000000001b8      0x108 ./Drivers/STM32F4xx_HAL_Driver/Src/stm32f4xx_hal_cortex.o
 .debug_ranges  0x00000000000002c0       0x80 ./Drivers/STM32F4xx_HAL_Driver/Src/stm32f4xx_hal_dma.o
 .debug_ranges  0x0000000000000340       0x48 ./Drivers/STM32F4xx_HAL_Driver/Src/stm32f4xx_hal_gpio.o
 .debug_ranges  0x0000000000000388       0x78 ./Drivers/STM32F4xx_HAL_Driver/Src/stm32f4xx_hal_rcc.o
 .debug_ranges  0x0000000000000400      0x3c0 ./Drivers/STM32F4xx_HAL_Driver/Src/stm32f4xx_hal_tim.o
 .debug_ranges  0x00000000000007c0      0x158 ./Drivers/STM32F4xx_HAL_Driver/Src/stm32f4xx_hal_tim_ex.o
 .debug_ranges  0x0000000000000918       0x20 ./Src/adc.o
 .debug_ranges  0x0000000000000938       0x10 ./Src/dma.o
 .debug_ranges  0x0000000000000948       0x10 ./Src/gpio.o
 .debug_ranges  0x0000000000000958       0xc8 ./Src/main.o
 .debug_ranges  0x0000000000000a20       0x10 ./Src/stm32f4xx_hal_msp.o
 .debug_ranges  0x0000000000000a30       0x58 ./Src/stm32f4xx_it.o
 .debug_ranges  0x0000000000000a88       0x18 ./Src/system_stm32f4xx.o
 .debug_ranges  0x0000000000000aa0       0x48 ./Src/tim.o
 .debug_ranges  0x0000000000000ae8       0x20 ./Startup/startup_stm32f401rctx.o

.debug_macro    0x0000000000000000    0x179c2
 .debug_macro   0x0000000000000000      0x24c ./Drivers/STM32F4xx_HAL_Driver/Src/stm32f4xx_hal.o
 .debug_macro   0x000000000000024c      0xaa8 ./Drivers/STM32F4xx_HAL_Driver/Src/stm32f4xx_hal.o
 .debug_macro   0x0000000000000cf4      0x29b ./Drivers/STM32F4xx_HAL_Driver/Src/stm32f4xx_hal.o
 .debug_macro   0x0000000000000f8f       0x2e ./Drivers/STM32F4xx_HAL_Driver/Src/stm32f4xx_hal.o
 .debug_macro   0x0000000000000fbd       0x28 ./Drivers/STM32F4xx_HAL_Driver/Src/stm32f4xx_hal.o
 .debug_macro   0x0000000000000fe5       0x22 ./Drivers/STM32F4xx_HAL_Driver/Src/stm32f4xx_hal.o
 .debug_macro   0x0000000000001007       0x8e ./Drivers/STM32F4xx_HAL_Driver/Src/stm32f4xx_hal.o
 .debug_macro   0x0000000000001095       0x51 ./Drivers/STM32F4xx_HAL_Driver/Src/stm32f4xx_hal.o
 .debug_macro   0x00000000000010e6      0x103 ./Drivers/STM32F4xx_HAL_Driver/Src/stm32f4xx_hal.o
 .debug_macro   0x00000000000011e9       0x6a ./Drivers/STM32F4xx_HAL_Driver/Src/stm32f4xx_hal.o
 .debug_macro   0x0000000000001253      0x1df ./Drivers/STM32F4xx_HAL_Driver/Src/stm32f4xx_hal.o
 .debug_macro   0x0000000000001432       0x1c ./Drivers/STM32F4xx_HAL_Driver/Src/stm32f4xx_hal.o
 .debug_macro   0x000000000000144e       0x22 ./Drivers/STM32F4xx_HAL_Driver/Src/stm32f4xx_hal.o
 .debug_macro   0x0000000000001470       0xdf ./Drivers/STM32F4xx_HAL_Driver/Src/stm32f4xx_hal.o
 .debug_macro   0x000000000000154f     0x102d ./Drivers/STM32F4xx_HAL_Driver/Src/stm32f4xx_hal.o
 .debug_macro   0x000000000000257c      0x11f ./Drivers/STM32F4xx_HAL_Driver/Src/stm32f4xx_hal.o
 .debug_macro   0x000000000000269b     0xb86c ./Drivers/STM32F4xx_HAL_Driver/Src/stm32f4xx_hal.o
 .debug_macro   0x000000000000df07       0x6d ./Drivers/STM32F4xx_HAL_Driver/Src/stm32f4xx_hal.o
 .debug_macro   0x000000000000df74     0x3666 ./Drivers/STM32F4xx_HAL_Driver/Src/stm32f4xx_hal.o
 .debug_macro   0x00000000000115da      0x174 ./Drivers/STM32F4xx_HAL_Driver/Src/stm32f4xx_hal.o
 .debug_macro   0x000000000001174e       0x5c ./Drivers/STM32F4xx_HAL_Driver/Src/stm32f4xx_hal.o
 .debug_macro   0x00000000000117aa      0x416 ./Drivers/STM32F4xx_HAL_Driver/Src/stm32f4xx_hal.o
 .debug_macro   0x0000000000011bc0      0x9fe ./Drivers/STM32F4xx_HAL_Driver/Src/stm32f4xx_hal.o
 .debug_macro   0x00000000000125be      0x116 ./Drivers/STM32F4xx_HAL_Driver/Src/stm32f4xx_hal.o
 .debug_macro   0x00000000000126d4       0xf8 ./Drivers/STM32F4xx_HAL_Driver/Src/stm32f4xx_hal.o
 .debug_macro   0x00000000000127cc       0xa5 ./Drivers/STM32F4xx_HAL_Driver/Src/stm32f4xx_hal.o
 .debug_macro   0x0000000000012871      0x15f ./Drivers/STM32F4xx_HAL_Driver/Src/stm32f4xx_hal.o
 .debug_macro   0x00000000000129d0      0x287 ./Drivers/STM32F4xx_HAL_Driver/Src/stm32f4xx_hal.o
 .debug_macro   0x0000000000012c57       0x5f ./Drivers/STM32F4xx_HAL_Driver/Src/stm32f4xx_hal.o
 .debug_macro   0x0000000000012cb6      0x236 ./Drivers/STM32F4xx_HAL_Driver/Src/stm32f4xx_hal.o
 .debug_macro   0x0000000000012eec      0x9e1 ./Drivers/STM32F4xx_HAL_Driver/Src/stm32f4xx_hal.o
 .debug_macro   0x00000000000138cd      0x38b ./Drivers/STM32F4xx_HAL_Driver/Src/stm32f4xx_hal.o
 .debug_macro   0x0000000000013c58      0x176 ./Drivers/STM32F4xx_HAL_Driver/Src/stm32f4xx_hal.o
 .debug_macro   0x0000000000013dce       0xf9 ./Drivers/STM32F4xx_HAL_Driver/Src/stm32f4xx_hal.o
 .debug_macro   0x0000000000013ec7      0x132 ./Drivers/STM32F4xx_HAL_Driver/Src/stm32f4xx_hal.o
 .debug_macro   0x0000000000013ff9      0x23a ./Drivers/STM32F4xx_HAL_Driver/Src/stm32f4xx_hal.o
 .debug_macro   0x0000000000014233       0x2e ./Drivers/STM32F4xx_HAL_Driver/Src/stm32f4xx_hal.o
 .debug_macro   0x0000000000014261      0x11a ./Drivers/STM32F4xx_HAL_Driver/Src/stm32f4xx_hal.o
 .debug_macro   0x000000000001437b       0x85 ./Drivers/STM32F4xx_HAL_Driver/Src/stm32f4xx_hal.o
 .debug_macro   0x0000000000014400       0x89 ./Drivers/STM32F4xx_HAL_Driver/Src/stm32f4xx_hal.o
 .debug_macro   0x0000000000014489      0x8d1 ./Drivers/STM32F4xx_HAL_Driver/Src/stm32f4xx_hal.o
 .debug_macro   0x0000000000014d5a       0x47 ./Drivers/STM32F4xx_HAL_Driver/Src/stm32f4xx_hal.o
 .debug_macro   0x0000000000014da1      0x126 ./Drivers/STM32F4xx_HAL_Driver/Src/stm32f4xx_hal.o
 .debug_macro   0x0000000000014ec7      0x1ed ./Drivers/STM32F4xx_HAL_Driver/Src/stm32f4xx_hal_adc.o
 .debug_macro   0x00000000000150b4      0x1ec ./Drivers/STM32F4xx_HAL_Driver/Src/stm32f4xx_hal_cortex.o
 .debug_macro   0x00000000000152a0      0x1f2 ./Drivers/STM32F4xx_HAL_Driver/Src/stm32f4xx_hal_dma.o
 .debug_macro   0x0000000000015492      0x1f2 ./Drivers/STM32F4xx_HAL_Driver/Src/stm32f4xx_hal_gpio.o
 .debug_macro   0x0000000000015684      0x210 ./Drivers/STM32F4xx_HAL_Driver/Src/stm32f4xx_hal_rcc.o
 .debug_macro   0x0000000000015894      0x1ed ./Drivers/STM32F4xx_HAL_Driver/Src/stm32f4xx_hal_tim.o
 .debug_macro   0x0000000000015a81      0x1ec ./Drivers/STM32F4xx_HAL_Driver/Src/stm32f4xx_hal_tim_ex.o
 .debug_macro   0x0000000000015c6d      0x205 ./Src/adc.o
 .debug_macro   0x0000000000015e72      0x10c ./Src/adc.o
 .debug_macro   0x0000000000015f7e      0x205 ./Src/dma.o
 .debug_macro   0x0000000000016183      0x205 ./Src/gpio.o
 .debug_macro   0x0000000000016388      0x3b0 ./Src/main.o
 .debug_macro   0x0000000000016738       0x52 ./Src/main.o
 .debug_macro   0x000000000001678a       0x18 ./Src/main.o
 .debug_macro   0x00000000000167a2       0x3c ./Src/main.o
 .debug_macro   0x00000000000167de       0x34 ./Src/main.o
 .debug_macro   0x0000000000016812       0x16 ./Src/main.o
 .debug_macro   0x0000000000016828       0x35 ./Src/main.o
 .debug_macro   0x000000000001685d      0x333 ./Src/main.o
 .debug_macro   0x0000000000016b90       0x10 ./Src/main.o
 .debug_macro   0x0000000000016ba0       0x16 ./Src/main.o
 .debug_macro   0x0000000000016bb6       0x43 ./Src/main.o
 .debug_macro   0x0000000000016bf9       0x34 ./Src/main.o
 .debug_macro   0x0000000000016c2d       0x10 ./Src/main.o
 .debug_macro   0x0000000000016c3d       0x58 ./Src/main.o
 .debug_macro   0x0000000000016c95       0x71 ./Src/main.o
 .debug_macro   0x0000000000016d06       0x1c ./Src/main.o
 .debug_macro   0x0000000000016d22      0x12a ./Src/main.o
 .debug_macro   0x0000000000016e4c       0x10 ./Src/main.o
 .debug_macro   0x0000000000016e5c       0x1c ./Src/main.o
 .debug_macro   0x0000000000016e78       0x52 ./Src/main.o
 .debug_macro   0x0000000000016eca       0x22 ./Src/main.o
 .debug_macro   0x0000000000016eec       0x10 ./Src/main.o
 .debug_macro   0x0000000000016efc       0x40 ./Src/main.o
 .debug_macro   0x0000000000016f3c       0xd5 ./Src/main.o
 .debug_macro   0x0000000000017011       0x1c ./Src/main.o
 .debug_macro   0x000000000001702d       0x3d ./Src/main.o
 .debug_macro   0x000000000001706a       0x16 ./Src/main.o
 .debug_macro   0x0000000000017080      0x145 ./Src/main.o
 .debug_macro   0x00000000000171c5      0x1fb ./Src/stm32f4xx_hal_msp.o
 .debug_macro   0x00000000000173c0      0x20b ./Src/stm32f4xx_it.o
 .debug_macro   0x00000000000175cb      0x1f2 ./Src/system_stm32f4xx.o
 .debug_macro   0x00000000000177bd      0x205 ./Src/tim.o

.debug_line     0x0000000000000000     0xe1e2
 .debug_line    0x0000000000000000      0x9d8 ./Drivers/STM32F4xx_HAL_Driver/Src/stm32f4xx_hal.o
 .debug_line    0x00000000000009d8     0x1196 ./Drivers/STM32F4xx_HAL_Driver/Src/stm32f4xx_hal_adc.o
 .debug_line    0x0000000000001b6e      0xc87 ./Drivers/STM32F4xx_HAL_Driver/Src/stm32f4xx_hal_cortex.o
 .debug_line    0x00000000000027f5      0xf3d ./Drivers/STM32F4xx_HAL_Driver/Src/stm32f4xx_hal_dma.o
 .debug_line    0x0000000000003732      0xb12 ./Drivers/STM32F4xx_HAL_Driver/Src/stm32f4xx_hal_gpio.o
 .debug_line    0x0000000000004244      0xd52 ./Drivers/STM32F4xx_HAL_Driver/Src/stm32f4xx_hal_rcc.o
 .debug_line    0x0000000000004f96     0x34a6 ./Drivers/STM32F4xx_HAL_Driver/Src/stm32f4xx_hal_tim.o
 .debug_line    0x000000000000843c     0x1970 ./Drivers/STM32F4xx_HAL_Driver/Src/stm32f4xx_hal_tim_ex.o
 .debug_line    0x0000000000009dac      0x7a1 ./Src/adc.o
 .debug_line    0x000000000000a54d      0x6e7 ./Src/dma.o
 .debug_line    0x000000000000ac34      0x726 ./Src/gpio.o
 .debug_line    0x000000000000b35a      0xe73 ./Src/main.o
 .debug_line    0x000000000000c1cd      0x6ec ./Src/stm32f4xx_hal_msp.o
 .debug_line    0x000000000000c8b9      0x86e ./Src/stm32f4xx_it.o
 .debug_line    0x000000000000d127      0x773 ./Src/system_stm32f4xx.o
 .debug_line    0x000000000000d89a      0x8c8 ./Src/tim.o
 .debug_line    0x000000000000e162       0x80 ./Startup/startup_stm32f401rctx.o

.debug_str      0x0000000000000000    0x9703d
 .debug_str     0x0000000000000000    0x8fe6a ./Drivers/STM32F4xx_HAL_Driver/Src/stm32f4xx_hal.o
                                      0x901de (size before relaxing)
 .debug_str     0x000000000008fe6a      0x670 ./Drivers/STM32F4xx_HAL_Driver/Src/stm32f4xx_hal_adc.o
                                      0x8fdf8 (size before relaxing)
 .debug_str     0x00000000000904da      0x3eb ./Drivers/STM32F4xx_HAL_Driver/Src/stm32f4xx_hal_cortex.o
                                      0x8ffbb (size before relaxing)
 .debug_str     0x00000000000908c5      0x31d ./Drivers/STM32F4xx_HAL_Driver/Src/stm32f4xx_hal_dma.o
                                      0x8fc76 (size before relaxing)
 .debug_str     0x0000000000090be2      0x1da ./Drivers/STM32F4xx_HAL_Driver/Src/stm32f4xx_hal_gpio.o
                                      0x8fa05 (size before relaxing)
 .debug_str     0x0000000000090dbc      0x38f ./Drivers/STM32F4xx_HAL_Driver/Src/stm32f4xx_hal_rcc.o
                                      0x8fc60 (size before relaxing)
 .debug_str     0x000000000009114b     0x10ac ./Drivers/STM32F4xx_HAL_Driver/Src/stm32f4xx_hal_tim.o
                                      0x90b7b (size before relaxing)
 .debug_str     0x00000000000921f7      0x538 ./Drivers/STM32F4xx_HAL_Driver/Src/stm32f4xx_hal_tim_ex.o
                                      0x9032c (size before relaxing)
 .debug_str     0x000000000009272f      0x3ce ./Src/adc.o
                                      0x90052 (size before relaxing)
 .debug_str     0x0000000000092afd       0x24 ./Src/dma.o
                                      0x8fef5 (size before relaxing)
 .debug_str     0x0000000000092b21       0x27 ./Src/gpio.o
                                      0x8fc09 (size before relaxing)
 .debug_str     0x0000000000092b48     0x42a8 ./Src/main.o
                                      0x946ca (size before relaxing)
 .debug_str     0x0000000000096df0       0x1b ./Src/stm32f4xx_hal_msp.o
                                      0x8fb6c (size before relaxing)
 .debug_str     0x0000000000096e0b      0x12b ./Src/stm32f4xx_it.o
                                      0x8fe1c (size before relaxing)
 .debug_str     0x0000000000096f36       0x5a ./Src/system_stm32f4xx.o
                                      0x8f86e (size before relaxing)
 .debug_str     0x0000000000096f90       0x7c ./Src/tim.o
                                      0x9032e (size before relaxing)
 .debug_str     0x000000000009700c       0x31 ./Startup/startup_stm32f401rctx.o
                                         0x4c (size before relaxing)

.comment        0x0000000000000000       0x53
 .comment       0x0000000000000000       0x53 ./Drivers/STM32F4xx_HAL_Driver/Src/stm32f4xx_hal.o
                                         0x54 (size before relaxing)
 .comment       0x0000000000000053       0x54 ./Drivers/STM32F4xx_HAL_Driver/Src/stm32f4xx_hal_adc.o
 .comment       0x0000000000000053       0x54 ./Drivers/STM32F4xx_HAL_Driver/Src/stm32f4xx_hal_cortex.o
 .comment       0x0000000000000053       0x54 ./Drivers/STM32F4xx_HAL_Driver/Src/stm32f4xx_hal_dma.o
 .comment       0x0000000000000053       0x54 ./Drivers/STM32F4xx_HAL_Driver/Src/stm32f4xx_hal_gpio.o
 .comment       0x0000000000000053       0x54 ./Drivers/STM32F4xx_HAL_Driver/Src/stm32f4xx_hal_rcc.o
 .comment       0x0000000000000053       0x54 ./Drivers/STM32F4xx_HAL_Driver/Src/stm32f4xx_hal_tim.o
 .comment       0x0000000000000053       0x54 ./Drivers/STM32F4xx_HAL_Driver/Src/stm32f4xx_hal_tim_ex.o
 .comment       0x0000000000000053       0x54 ./Src/adc.o
 .comment       0x0000000000000053       0x54 ./Src/dma.o
 .comment       0x0000000000000053       0x54 ./Src/gpio.o
 .comment       0x0000000000000053       0x54 ./Src/main.o
 .comment       0x0000000000000053       0x54 ./Src/stm32f4xx_hal_msp.o
 .comment       0x0000000000000053       0x54 ./Src/stm32f4xx_it.o
 .comment       0x0000000000000053       0x54 ./Src/system_stm32f4xx.o
 .comment       0x0000000000000053       0x54 ./Src/tim.o

.debug_frame    0x0000000000000000     0x30e8
 .debug_frame   0x0000000000000000      0x374 ./Drivers/STM32F4xx_HAL_Driver/Src/stm32f4xx_hal.o
 .debug_frame   0x0000000000000374      0x3fc ./Drivers/STM32F4xx_HAL_Driver/Src/stm32f4xx_hal_adc.o
 .debug_frame   0x0000000000000770      0x498 ./Drivers/STM32F4xx_HAL_Driver/Src/stm32f4xx_hal_cortex.o
 .debug_frame   0x0000000000000c08      0x250 ./Drivers/STM32F4xx_HAL_Driver/Src/stm32f4xx_hal_dma.o
 .debug_frame   0x0000000000000e58      0x14c ./Drivers/STM32F4xx_HAL_Driver/Src/stm32f4xx_hal_gpio.o
 .debug_frame   0x0000000000000fa4      0x1ec ./Drivers/STM32F4xx_HAL_Driver/Src/stm32f4xx_hal_rcc.o
 .debug_frame   0x0000000000001190     0x11bc ./Drivers/STM32F4xx_HAL_Driver/Src/stm32f4xx_hal_tim.o
 .debug_frame   0x000000000000234c      0x638 ./Drivers/STM32F4xx_HAL_Driver/Src/stm32f4xx_hal_tim_ex.o
 .debug_frame   0x0000000000002984       0x7c ./Src/adc.o
 .debug_frame   0x0000000000002a00       0x34 ./Src/dma.o
 .debug_frame   0x0000000000002a34       0x34 ./Src/gpio.o
 .debug_frame   0x0000000000002a68      0x2e4 ./Src/main.o
 .debug_frame   0x0000000000002d4c       0x38 ./Src/stm32f4xx_hal_msp.o
 .debug_frame   0x0000000000002d84      0x128 ./Src/stm32f4xx_it.o
 .debug_frame   0x0000000000002eac       0x58 ./Src/system_stm32f4xx.o
 .debug_frame   0x0000000000002f04      0x138 ./Src/tim.o
 .debug_frame   0x000000000000303c       0x2c c:/st/stm32cubeide_1.3.0/stm32cubeide/plugins/com.st.stm32cube.ide.mcu.externaltools.gnu-tools-for-stm32.9-2020-q2-update.win32_2.0.0.202105311346/tools/bin/../lib/gcc/arm-none-eabi/9.3.1/../../../../arm-none-eabi/lib/thumb/v7e-m+fp/hard\libc_nano.a(lib_a-init.o)
 .debug_frame   0x0000000000003068       0x20 c:/st/stm32cubeide_1.3.0/stm32cubeide/plugins/com.st.stm32cube.ide.mcu.externaltools.gnu-tools-for-stm32.9-2020-q2-update.win32_2.0.0.202105311346/tools/bin/../lib/gcc/arm-none-eabi/9.3.1/../../../../arm-none-eabi/lib/thumb/v7e-m+fp/hard\libc_nano.a(lib_a-memset.o)
 .debug_frame   0x0000000000003088       0x2c c:/st/stm32cubeide_1.3.0/stm32cubeide/plugins/com.st.stm32cube.ide.mcu.externaltools.gnu-tools-for-stm32.9-2020-q2-update.win32_2.0.0.202105311346/tools/bin/../lib/gcc/arm-none-eabi/9.3.1/thumb/v7e-m+fp/hard\libgcc.a(_aeabi_uldivmod.o)
 .debug_frame   0x00000000000030b4       0x34 c:/st/stm32cubeide_1.3.0/stm32cubeide/plugins/com.st.stm32cube.ide.mcu.externaltools.gnu-tools-for-stm32.9-2020-q2-update.win32_2.0.0.202105311346/tools/bin/../lib/gcc/arm-none-eabi/9.3.1/thumb/v7e-m+fp/hard\libgcc.a(_udivmoddi4.o)
