main.c:103:5:main	8	static
main.c:212:6:SystemClock_Config	88	static
main.c:253:6:LS_tyl	8	static
main.c:259:6:LS_przod	8	static
main.c:265:6:LS_stop	8	static
main.c:271:6:PS_tyl	8	static
main.c:277:6:PS_przod	8	static
main.c:283:6:PS_stop	8	static
main.c:289:6:przod	8	static
main.c:295:6:tyl	8	static
main.c:301:6:stoj	8	static
main.c:306:6:lewy_szybko	8	static
main.c:312:6:prawy_szybko	8	static
main.c:318:6:lewy	8	static
main.c:324:6:prawy	8	static
main.c:330:6:lsens	24	static
main.c:340:6:led	16	static
main.c:367:5:wybor	16	static
main.c:385:6:zerujE	4	static
main.c:391:6:soft_start	8	static
main.c:435:6:bialaL	8	static
main.c:496:6:taktyka2	8	static
main.c:517:6:taktyka3	16	static
main.c:553:6:Error_Handler	4	static
